[    0.000000] Linux version 5.10.205-195.807.amzn2.x86_64 (mockbuild@ip-10-0-51-64) (gcc10-gcc (GCC) 10.5.0 20230707 (Red Hat 10.5.0-1), GNU ld version 2.35.2-9.amzn2.0.1) #1 SMP Tue Jan 16 18:28:59 UTC 2024
[    0.000000] Command line: BOOT_IMAGE=/boot/vmlinuz-5.10.205-195.807.amzn2.x86_64 root=UUID=43213978-8f11-4c09-8bae-ac42538542f2 ro console=tty0 console=ttyS0,115200n8 net.ifnames=0 biosdevname=0 nvme_core.io_timeout=4294967295 rd.emergency=poweroff rd.shell=0
[    0.000000] KASLR disabled
[    0.000000] BIOS-provided physical RAM map:
[    0.000000] BIOS-e820: [mem 0x0000000000000000-0x000000000009dfff] usable
[    0.000000] BIOS-e820: [mem 0x000000000009e000-0x000000000009ffff] reserved
[    0.000000] BIOS-e820: [mem 0x00000000000e0000-0x00000000000fffff] reserved
[    0.000000] BIOS-e820: [mem 0x0000000000100000-0x000000003fffffff] usable
[    0.000000] BIOS-e820: [mem 0x00000000fc000000-0x00000000ffffffff] reserved
[    0.000000] NX (Execute Disable) protection: active
[    0.000000] SMBIOS 2.7 present.
[    0.000000] DMI: Xen HVM domU, BIOS 4.11.amazon 08/24/2006
[    0.000000] Hypervisor detected: Xen HVM
[    0.000000] Xen version 4.11.
[    0.000000] Netfront and the Xen platform PCI driver have been compiled for this kernel: unplug emulated NICs.
[    0.000000] Blkfront and the Xen platform PCI driver have been compiled for this kernel: unplug emulated disks.
[    0.000000] You might have to change the root device
[    0.000000] from /dev/hd[a-d] to /dev/xvd[a-d]
[    0.000000] in your root= kernel command line option
[    0.021689] tsc: Fast TSC calibration using PIT
[    0.021693] tsc: Detected 2399.988 MHz processor
[    0.021694] tsc: Detected 2400.002 MHz TSC
[    0.022222] last_pfn = 0x40000 max_arch_pfn = 0x400000000
[    0.022284] x86/PAT: Configuration [0-7]: WB  WC  UC- UC  WB  WP  UC- WT  
[    0.029334] found SMP MP-table at [mem 0x000fb9a0-0x000fb9af]
[    0.029356] check: Scanning 1 areas for low memory corruption
[    0.029583] RAMDISK: [mem 0x36ab9000-0x37553fff]
[    0.029588] ACPI: Early table checksum verification disabled
[    0.029591] ACPI: RSDP 0x00000000000EA020 000024 (v02 Xen   )
[    0.029596] ACPI: XSDT 0x00000000FC00C780 000054 (v01 Xen    HVM      00000000 HVML 00000000)
[    0.029602] ACPI: FACP 0x00000000FC00C440 0000F4 (v04 Xen    HVM      00000000 HVML 00000000)
[    0.029607] ACPI: DSDT 0x00000000FC003940 008A7E (v02 Xen    HVM      00000000 INTL 20090123)
[    0.029612] ACPI: FACS 0x00000000FC003900 000040
[    0.029615] ACPI: FACS 0x00000000FC003900 000040
[    0.029618] ACPI: APIC 0x00000000FC00C540 0000D8 (v02 Xen    HVM      00000000 HVML 00000000)
[    0.029621] ACPI: HPET 0x00000000FC00C690 000038 (v01 Xen    HVM      00000000 HVML 00000000)
[    0.029624] ACPI: WAET 0x00000000FC00C6D0 000028 (v01 Xen    HVM      00000000 HVML 00000000)
[    0.029628] ACPI: SSDT 0x00000000FC00C700 000031 (v02 Xen    HVM      00000000 INTL 20090123)
[    0.029631] ACPI: SSDT 0x00000000FC00C740 000033 (v02 Xen    HVM      00000000 INTL 20090123)
[    0.029634] ACPI: Reserving FACP table memory at [mem 0xfc00c440-0xfc00c533]
[    0.029636] ACPI: Reserving DSDT table memory at [mem 0xfc003940-0xfc00c3bd]
[    0.029637] ACPI: Reserving FACS table memory at [mem 0xfc003900-0xfc00393f]
[    0.029638] ACPI: Reserving FACS table memory at [mem 0xfc003900-0xfc00393f]
[    0.029639] ACPI: Reserving APIC table memory at [mem 0xfc00c540-0xfc00c617]
[    0.029640] ACPI: Reserving HPET table memory at [mem 0xfc00c690-0xfc00c6c7]
[    0.029641] ACPI: Reserving WAET table memory at [mem 0xfc00c6d0-0xfc00c6f7]
[    0.029642] ACPI: Reserving SSDT table memory at [mem 0xfc00c700-0xfc00c730]
[    0.029644] ACPI: Reserving SSDT table memory at [mem 0xfc00c740-0xfc00c772]
[    0.031806] No NUMA configuration found
[    0.031808] Faking a node at [mem 0x0000000000000000-0x000000003fffffff]
[    0.031819] NODE_DATA(0) allocated [mem 0x3ffde000-0x3fffffff]
[    0.032158] Zone ranges:
[    0.032159]   DMA      [mem 0x0000000000001000-0x0000000000ffffff]
[    0.032161]   DMA32    [mem 0x0000000001000000-0x000000003fffffff]
[    0.032163]   Normal   empty
[    0.032164] Movable zone start for each node
[    0.032168] Early memory node ranges
[    0.032169]   node   0: [mem 0x0000000000001000-0x000000000009dfff]
[    0.032171]   node   0: [mem 0x0000000000100000-0x000000003fffffff]
[    0.032173] Initmem setup node 0 [mem 0x0000000000001000-0x000000003fffffff]
[    0.032183] On node 0, zone DMA: 1 pages in unavailable ranges
[    0.032261] On node 0, zone DMA: 98 pages in unavailable ranges
[    0.036353] ACPI: PM-Timer IO Port: 0xb008
[    0.036407] IOAPIC[0]: apic_id 1, version 17, address 0xfec00000, GSI 0-47
[    0.036409] ACPI: INT_SRC_OVR (bus 0 bus_irq 0 global_irq 2 dfl dfl)
[    0.036411] ACPI: INT_SRC_OVR (bus 0 bus_irq 5 global_irq 5 low level)
[    0.036412] ACPI: INT_SRC_OVR (bus 0 bus_irq 10 global_irq 10 low level)
[    0.036414] ACPI: INT_SRC_OVR (bus 0 bus_irq 11 global_irq 11 low level)
[    0.036421] Using ACPI (MADT) for SMP configuration information
[    0.036423] ACPI: HPET id: 0x8086a201 base: 0xfed00000
[    0.036425] TSC deadline timer available
[    0.036434] smpboot: Allowing 15 CPUs, 14 hotplug CPUs
[    0.036442] PM: hibernation: Registered nosave memory: [mem 0x00000000-0x00000fff]
[    0.036444] PM: hibernation: Registered nosave memory: [mem 0x0009e000-0x0009ffff]
[    0.036445] PM: hibernation: Registered nosave memory: [mem 0x000a0000-0x000dffff]
[    0.036447] PM: hibernation: Registered nosave memory: [mem 0x000e0000-0x000fffff]
[    0.036449] [mem 0x40000000-0xfbffffff] available for PCI devices
[    0.036450] Booting paravirtualized kernel on Xen HVM
[    0.036454] clocksource: refined-jiffies: mask: 0xffffffff max_cycles: 0xffffffff, max_idle_ns: 7645519600211568 ns
[    0.040821] setup_percpu: NR_CPUS:8192 nr_cpumask_bits:15 nr_cpu_ids:15 nr_node_ids:1
[    0.041628] percpu: Embedded 62 pages/cpu s217088 r8192 d28672 u262144
[    0.041678] PV qspinlock hash table entries: 256 (order: 0, 4096 bytes, linear)
[    0.041684] Built 1 zonelists, mobility grouping on.  Total pages: 257928
[    0.041685] Policy zone: DMA32
[    0.041687] Kernel command line: BOOT_IMAGE=/boot/vmlinuz-5.10.205-195.807.amzn2.x86_64 root=UUID=43213978-8f11-4c09-8bae-ac42538542f2 ro console=tty0 console=ttyS0,115200n8 net.ifnames=0 biosdevname=0 nvme_core.io_timeout=4294967295 rd.emergency=poweroff rd.shell=0
[    0.041801] Fallback order for Node 0: 0 
[    0.041951] Dentry cache hash table entries: 131072 (order: 8, 1048576 bytes, linear)
[    0.042026] Inode-cache hash table entries: 65536 (order: 7, 524288 bytes, linear)
[    0.042167] mem auto-init: stack:off, heap alloc:off, heap free:off
[    0.043701] Memory: 204012K/1048180K available (12300K kernel code, 9439K rwdata, 8004K rodata, 2464K init, 18764K bss, 90176K reserved, 0K cma-reserved)
[    0.043980] SLUB: HWalign=64, Order=0-3, MinObjects=0, CPUs=15, Nodes=1
[    0.043995] Kernel/User page tables isolation: enabled
[    0.044031] ftrace: allocating 40059 entries in 157 pages
[    0.063769] ftrace: allocated 157 pages with 5 groups
[    0.063969] rcu: Hierarchical RCU implementation.
[    0.063971] rcu: 	RCU restricting CPUs from NR_CPUS=8192 to nr_cpu_ids=15.
[    0.063973] 	Rude variant of Tasks RCU enabled.
[    0.063974] 	Tracing variant of Tasks RCU enabled.
[    0.063975] rcu: RCU calculated value of scheduler-enlistment delay is 25 jiffies.
[    0.063977] rcu: Adjusting geometry for rcu_fanout_leaf=16, nr_cpu_ids=15
[    0.068315] NR_IRQS: 524544, nr_irqs: 952, preallocated irqs: 16
[    0.068349] xen:events: Using 2-level ABI
[    0.068487] xen:events: Xen HVM callback vector for event delivery is enabled
[    0.068635] random: crng init done
[    0.129488] Console: colour VGA+ 80x25
[    0.238729] printk: console [tty0] enabled
[    0.239767] Cannot get hvm parameter CONSOLE_EVTCHN (18): -22!
[    0.821662] printk: console [ttyS0] enabled
[    0.825090] ACPI: Core revision 20200925
[    0.828276] clocksource: hpet: mask: 0xffffffff max_cycles: 0xffffffff, max_idle_ns: 30580167144 ns
[    0.834621] APIC: Switch to symmetric I/O mode setup
[    0.839478] x2apic: IRQ remapping doesn't support X2APIC mode
[    0.845472] Switched APIC routing to physical flat.
[    0.852008] ..TIMER: vector=0x30 apic1=0 pin1=2 apic2=0 pin2=0
[    0.876103] clocksource: tsc-early: mask: 0xffffffffffffffff max_cycles: 0x22983938a92, max_idle_ns: 440795216168 ns
[    0.883895] Calibrating delay loop (skipped), value calculated using timer frequency.. 4800.00 BogoMIPS (lpj=9600008)
[    0.892000] Last level iTLB entries: 4KB 1024, 2MB 1024, 4MB 1024
[    0.899893] Last level dTLB entries: 4KB 1024, 2MB 1024, 4MB 1024, 1GB 4
[    0.903896] Spectre V1 : Mitigation: usercopy/swapgs barriers and __user pointer sanitization
[    0.907895] Spectre V2 : Mitigation: Retpolines
[    0.911893] Spectre V2 : Spectre v2 / SpectreRSB mitigation: Filling RSB on context switch
[    0.919892] Speculative Store Bypass: Vulnerable
[    0.923900] MDS: Vulnerable: Clear CPU buffers attempted, no microcode
[    0.927894] MMIO Stale Data: Vulnerable: Clear CPU buffers attempted, no microcode
[    0.935908] x86/fpu: Supporting XSAVE feature 0x001: 'x87 floating point registers'
[    0.943893] x86/fpu: Supporting XSAVE feature 0x002: 'SSE registers'
[    0.947894] x86/fpu: Supporting XSAVE feature 0x004: 'AVX registers'
[    0.951896] x86/fpu: xstate_offset[2]:  576, xstate_sizes[2]:  256
[    0.955893] x86/fpu: Enabled xstate features 0x7, context size is 832 bytes, using 'standard' format.
[    0.981879] pid_max: default: 32768 minimum: 301
[    0.983935] LSM: Security Framework initializing
[    0.991908] Yama: becoming mindful.
[    0.995913] SELinux:  Initializing.
[    0.999916] LSM support for eBPF active
[    1.003935] Mount-cache hash table entries: 2048 (order: 2, 16384 bytes, linear)
[    1.011898] Mountpoint-cache hash table entries: 2048 (order: 2, 16384 bytes, linear)
[    1.020265] clocksource: xen: mask: 0xffffffffffffffff max_cycles: 0x1cd42e4dffb, max_idle_ns: 881590591483 ns
[    1.031912] installing Xen timer for CPU 0
[    1.035981] smpboot: CPU0: Intel(R) Xeon(R) CPU E5-2676 v3 @ 2.40GHz (family: 0x6, model: 0x3f, stepping: 0x2)
[    1.039942] cpu 0 spinlock event irq 53
[    1.043857] Performance Events: unsupported p6 CPU model 63 no PMU driver, software events only.
[    1.043944] rcu: Hierarchical SRCU implementation.
[    1.048236] NMI watchdog: Perf NMI watchdog permanently disabled
[    1.052107] smp: Bringing up secondary CPUs ...
[    1.055900] smp: Brought up 1 node, 1 CPU
[    1.059899] smpboot: Max logical packages: 15
[    1.063909] smpboot: Total of 1 processors activated (4800.00 BogoMIPS)
[    1.072161] node 0 deferred pages initialised in 4ms
[    1.076065] devtmpfs: initialized
[    1.079590] x86/mm: Memory block size: 128MB
[    1.080254] clocksource: jiffies: mask: 0xffffffff max_cycles: 0xffffffff, max_idle_ns: 7645041785100000 ns
[    1.083908] futex hash table entries: 4096 (order: 6, 262144 bytes, linear)
[    1.088282] NET: Registered protocol family 16
[    1.092051] DMA: preallocated 128 KiB GFP_KERNEL pool for atomic allocations
[    1.095917] DMA: preallocated 128 KiB GFP_KERNEL|GFP_DMA pool for atomic allocations
[    1.099917] DMA: preallocated 128 KiB GFP_KERNEL|GFP_DMA32 pool for atomic allocations
[    1.103924] audit: initializing netlink subsys (disabled)
[    1.108116] thermal_sys: Registered thermal governor 'fair_share'
[    1.108117] thermal_sys: Registered thermal governor 'step_wise'
[    1.111903] thermal_sys: Registered thermal governor 'user_space'
[    1.115913] cpuidle: using governor ladder
[    1.123898] cpuidle: using governor menu
[    1.127978] ACPI: bus type PCI registered
[    1.131842] acpiphp: ACPI Hot Plug PCI Controller Driver version: 0.5
[    1.132400] PCI: Using configuration type 1 for base access
[    1.137463] Kprobes globally optimized
[    1.143006] audit: type=2000 audit(1708442052.988:1): state=initialized audit_enabled=0 res=1
[    1.148430] HugeTLB registered 2.00 MiB page size, pre-allocated 0 pages
[    1.316826] ACPI: Added _OSI(Module Device)
[    1.319916] ACPI: Added _OSI(Processor Device)
[    1.323911] ACPI: Added _OSI(3.0 _SCP Extensions)
[    1.327906] ACPI: Added _OSI(Processor Aggregator Device)
[    1.331908] ACPI: Added _OSI(Linux-Dell-Video)
[    1.335903] ACPI: Added _OSI(Linux-Lenovo-NV-HDMI-Audio)
[    1.339903] ACPI: Added _OSI(Linux-HPI-Hybrid-Graphics)
[    1.347438] ACPI: 3 ACPI AML tables successfully acquired and loaded
[    1.349364] ACPI: Interpreter enabled
[    1.351908] ACPI: (supports S0 S4 S5)
[    1.355900] ACPI: Using IOAPIC for interrupt routing
[    1.359926] PCI: Using host bridge windows from ACPI; if necessary, use "pci=nocrs" and report a bug
[    1.364249] ACPI: Enabled 2 GPEs in block 00 to 0F
[    1.388363] ACPI: PCI Root Bridge [PCI0] (domain 0000 [bus 00-ff])
[    1.391908] acpi PNP0A03:00: _OSC: OS supports [ASPM ClockPM Segments MSI HPX-Type3]
[    1.395917] acpi PNP0A03:00: fail to add MMCONFIG information, can't access extended PCI configuration space under this bridge.
[    1.400788] acpiphp: Slot [0] registered
[    1.405153] acpiphp: Slot [3] registered
[    1.408406] acpiphp: Slot [4] registered
[    1.412339] acpiphp: Slot [5] registered
[    1.416314] acpiphp: Slot [6] registered
[    1.420369] acpiphp: Slot [7] registered
[    1.424454] acpiphp: Slot [8] registered
[    1.428321] acpiphp: Slot [9] registered
[    1.432335] acpiphp: Slot [10] registered
[    1.436571] acpiphp: Slot [11] registered
[    1.440556] acpiphp: Slot [12] registered
[    1.444364] acpiphp: Slot [13] registered
[    1.448373] acpiphp: Slot [14] registered
[    1.452515] acpiphp: Slot [15] registered
[    1.456436] acpiphp: Slot [16] registered
[    1.460414] acpiphp: Slot [17] registered
[    1.464431] acpiphp: Slot [18] registered
[    1.468465] acpiphp: Slot [19] registered
[    1.472450] acpiphp: Slot [20] registered
[    1.476390] acpiphp: Slot [21] registered
[    1.480469] acpiphp: Slot [22] registered
[    1.484509] acpiphp: Slot [23] registered
[    1.488469] acpiphp: Slot [24] registered
[    1.492471] acpiphp: Slot [25] registered
[    1.496445] acpiphp: Slot [26] registered
[    1.500446] acpiphp: Slot [27] registered
[    1.504503] acpiphp: Slot [28] registered
[    1.508541] acpiphp: Slot [29] registered
[    1.512477] acpiphp: Slot [30] registered
[    1.516513] acpiphp: Slot [31] registered
[    1.520514] PCI host bridge to bus 0000:00
[    1.523902] pci_bus 0000:00: root bus resource [io  0x0000-0x0cf7 window]
[    1.527901] pci_bus 0000:00: root bus resource [io  0x0d00-0xffff window]
[    1.531902] pci_bus 0000:00: root bus resource [mem 0x000a0000-0x000bffff window]
[    1.535901] pci_bus 0000:00: root bus resource [mem 0xf0000000-0xfbffffff window]
[    1.539901] pci_bus 0000:00: root bus resource [bus 00-ff]
[    1.544207] pci 0000:00:00.0: [8086:1237] type 00 class 0x060000
[    1.551663] pci 0000:00:01.0: [8086:7000] type 00 class 0x060100
[    1.555975] pci 0000:00:01.1: [8086:7010] type 00 class 0x010180
[    1.562623] pci 0000:00:01.1: reg 0x20: [io  0xc100-0xc10f]
[    1.565065] pci 0000:00:01.1: legacy IDE quirk: reg 0x10: [io  0x01f0-0x01f7]
[    1.567900] pci 0000:00:01.1: legacy IDE quirk: reg 0x14: [io  0x03f6]
[    1.571901] pci 0000:00:01.1: legacy IDE quirk: reg 0x18: [io  0x0170-0x0177]
[    1.575901] pci 0000:00:01.1: legacy IDE quirk: reg 0x1c: [io  0x0376]
[    1.581388] * Found PM-Timer Bug on the chipset. Due to workarounds for a bug,
[    1.581388] * this clock source is slow. Consider trying other clock sources
[    1.583901] pci 0000:00:01.3: [8086:7113] type 00 class 0x068000
[    1.591448] pci 0000:00:01.3: quirk: [io  0xb000-0xb03f] claimed by PIIX4 ACPI
[    1.593947] pci 0000:00:02.0: [1013:00b8] type 00 class 0x030000
[    1.597006] pci 0000:00:02.0: reg 0x10: [mem 0xf0000000-0xf1ffffff pref]
[    1.600449] pci 0000:00:02.0: reg 0x14: [mem 0xf3000000-0xf3000fff]
[    1.607667] pci 0000:00:03.0: [5853:0001] type 00 class 0xff8000
[    1.608889] pci 0000:00:03.0: reg 0x10: [io  0xc000-0xc0ff]
[    1.612412] pci 0000:00:03.0: reg 0x14: [mem 0xf2000000-0xf2ffffff pref]
[    1.620818] ACPI: PCI Interrupt Link [LNKA] (IRQs *5 10 11)
[    1.624223] ACPI: PCI Interrupt Link [LNKB] (IRQs 5 *10 11)
[    1.628252] ACPI: PCI Interrupt Link [LNKC] (IRQs 5 10 *11)
[    1.632208] ACPI: PCI Interrupt Link [LNKD] (IRQs *5 10 11)
[    1.645975] xen:balloon: Initialising balloon driver
[    1.656697] iommu: Default domain type: Translated 
[    1.660464] pci 0000:00:02.0: vgaarb: setting as boot VGA device
[    1.663891] pci 0000:00:02.0: vgaarb: VGA device added: decodes=io+mem,owns=io+mem,locks=none
[    1.663909] pci 0000:00:02.0: vgaarb: bridge control possible
[    1.667899] vgaarb: loaded
[    1.672244] EDAC MC: Ver: 3.0.0
[    1.677149] NetLabel: Initializing
[    1.679906] NetLabel:  domain hash size = 128
[    1.683897] NetLabel:  protocols = UNLABELED CIPSOv4 CALIPSO
[    1.687917] NetLabel:  unlabeled traffic allowed by default
[    1.691898] PCI: Using ACPI for IRQ routing
[    1.697269] hpet: 3 channels of 0 reserved for per-cpu timers
[    1.699913] hpet0: at MMIO 0xfed00000, IRQs 2, 8, 0
[    1.703900] hpet0: 3 comparators, 64-bit 62.500000 MHz counter
[    1.711020] clocksource: Switched to clocksource xen
[    1.736410] VFS: Disk quotas dquot_6.6.0
[    1.742312] VFS: Dquot-cache hash table entries: 512 (order 0, 4096 bytes)
[    1.752527] pnp: PnP ACPI init
[    1.758045] system 00:00: [mem 0x00000000-0x0009ffff] could not be reserved
[    1.768423] system 00:01: [io  0x08a0-0x08a3] has been reserved
[    1.777403] system 00:01: [io  0x0cc0-0x0ccf] has been reserved
[    1.786666] system 00:01: [io  0x04d0-0x04d1] has been reserved
[    1.796107] system 00:07: [io  0x10c0-0x1141] has been reserved
[    1.806021] system 00:07: [io  0xb044-0xb047] has been reserved
[    1.826396] pnp: PnP ACPI: found 8 devices
[    1.839873] clocksource: acpi_pm: mask: 0xffffff max_cycles: 0xffffff, max_idle_ns: 2085701024 ns
[    1.852543] NET: Registered protocol family 2
[    1.859687] IP idents hash table entries: 16384 (order: 5, 131072 bytes, linear)
[    1.871553] tcp_listen_portaddr_hash hash table entries: 512 (order: 1, 8192 bytes, linear)
[    1.884494] TCP established hash table entries: 8192 (order: 4, 65536 bytes, linear)
[    1.896221] TCP bind hash table entries: 8192 (order: 5, 131072 bytes, linear)
[    1.905809] TCP: Hash tables configured (established 8192 bind 8192)
[    1.913297] MPTCP token hash table entries: 1024 (order: 2, 24576 bytes, linear)
[    1.922083] UDP hash table entries: 512 (order: 2, 16384 bytes, linear)
[    1.929905] UDP-Lite hash table entries: 512 (order: 2, 16384 bytes, linear)
[    1.938526] NET: Registered protocol family 1
[    1.945012] NET: Registered protocol family 44
[    1.951593] pci_bus 0000:00: resource 4 [io  0x0000-0x0cf7 window]
[    1.959396] pci_bus 0000:00: resource 5 [io  0x0d00-0xffff window]
[    1.967777] pci_bus 0000:00: resource 6 [mem 0x000a0000-0x000bffff window]
[    1.975079] pci_bus 0000:00: resource 7 [mem 0xf0000000-0xfbffffff window]
[    1.982722] pci 0000:00:01.0: PIIX3: Enabling Passive Release
[    1.989255] pci 0000:00:00.0: Limiting direct PCI/PCI transfers
[    1.995860] pci 0000:00:01.0: Activating ISA DMA hang workarounds
[    2.002945] pci 0000:00:02.0: Video device with shadowed ROM at [mem 0x000c0000-0x000dffff]
[    2.011872] PCI: CLS 0 bytes, default 64
[    2.018263] Trying to unpack rootfs image as initramfs...
[    2.047195] Freeing initrd memory: 10860K
[    2.052267] clocksource: tsc: mask: 0xffffffffffffffff max_cycles: 0x22983938a92, max_idle_ns: 440795216168 ns
[    2.063952] check: Scanning for low memory corruption every 60 seconds
[    2.073927] Initialise system trusted keyrings
[    2.079030] Key type blacklist registered
[    2.084406] workingset: timestamp_bits=36 max_order=18 bucket_order=0
[    2.092360] zbud: loaded
[    2.095828] SGI XFS with ACLs, security attributes, quota, no debug enabled
[    2.103622] Key type asymmetric registered
[    2.108070] Asymmetric key parser 'x509' registered
[    2.113359] Block layer SCSI generic (bsg) driver version 0.4 loaded (major 251)
[    2.121133] io scheduler mq-deadline registered
[    2.126230] io scheduler kyber registered
[    2.131959] io scheduler bfq registered
[    2.138056] shpchp: Standard Hot Plug PCI Controller Driver version: 0.4
[    2.334488] xen:grant_table: Grant tables using version 1 layout
[    2.342557] Grant table initialized
[    2.348903] Cannot get hvm parameter CONSOLE_EVTCHN (18): -22!
[    2.357956] Serial: 8250/16550 driver, 4 ports, IRQ sharing disabled
[    2.369700] 00:06: ttyS0 at I/O 0x3f8 (irq = 4, base_baud = 115200) is a 16550A
[    2.394754] Invalid max_queues (4), will use default max: 1.
[    2.401814] xen_netfront: Initialising Xen virtual ethernet driver
[    2.409796] i8042: PNP: PS/2 Controller [PNP0303:PS2K,PNP0f13:PS2M] at 0x60,0x64 irq 1,12
[    2.421809] serio: i8042 KBD port at 0x60,0x64 irq 1
[    2.430097] serio: i8042 AUX port at 0x60,0x64 irq 12
[    2.440672] input: AT Translated Set 2 keyboard as /devices/platform/i8042/serio0/input/input0
[    2.456374] rtc_cmos 00:02: registered as rtc0
[    2.463874] rtc_cmos 00:02: setting system clock to 2024-02-20T15:14:14 UTC (1708442054)
[    2.475959] rtc_cmos 00:02: alarms up to one day, 114 bytes nvram, hpet irqs
[    2.486774] intel_pstate: CPU model not supported
[    2.494370] hid: raw HID events driver (C) Jiri Kosina
[    2.502860] NET: Registered protocol family 10
[    2.513671] Segment Routing with IPv6
[    2.518701] NET: Registered protocol family 17
[    2.524549] IPI shorthand broadcast: enabled
[    2.530187] sched_clock: Marking stable (1762885314, 767263482)->(3079467174, -549318378)
[    2.539155] registered taskstats version 1
[    2.543510] Loading compiled-in X.509 certificates
[    2.550617] Loaded X.509 cert 'Build time autogenerated kernel key: a5ced071d2c220bcd8ed7ebb3c84496a0dd1a6d0'
[    2.562557] zswap: loaded using pool lzo/zbud
[    2.568289] Key type .fscrypt registered
[    2.572944] Key type fscrypt-provisioning registered
[    2.579616] ima: No TPM chip found, activating TPM-bypass!
[    2.586078] ima: Allocated hash algorithm: sha1
[    2.591045] ima: No architecture policies found
[    2.600698] blkfront: xvda: barrier or flush: disabled; persistent grants: disabled; indirect descriptors: enabled; bounce buffer: disabled;
[    2.617036]  xvda: xvda1
[    2.701767] Freeing unused decrypted memory: 2036K
[    2.707713] Freeing unused kernel image (initmem) memory: 2464K
[    2.713834] Write protecting the kernel read-only data: 22528k
[    2.720622] Freeing unused kernel image (text/rodata gap) memory: 2032K
[    2.727416] Freeing unused kernel image (rodata/data gap) memory: 188K
[    2.734055] Run /init as init process
[    2.741362] systemd[1]: systemd 219 running in system mode. (+PAM +AUDIT +SELINUX +IMA -APPARMOR +SMACK +SYSVINIT +UTMP +LIBCRYPTSETUP +GCRYPT +GNUTLS +ACL +XZ +LZ4 -SECCOMP +BLKID +ELFUTILS +KMOD +IDN)
[    2.758864] systemd[1]: Detected virtualization xen.
[    2.764144] systemd[1]: Detected architecture x86-64.
[    2.769513] systemd[1]: Running in initial RAM disk.

Welcome to [0;34mAmazon Linux 2 dracut-033-535.amzn2.1.6 (Initramfs)[0m!

[    2.780442] systemd[1]: No hostname configured.
[    2.785343] systemd[1]: Set hostname to <localhost>.
[    2.790747] systemd[1]: Initializing machine ID from random generator.
[    2.823785] systemd[1]: Reached target Swap.
[[32m  OK  [0m] Reached target Swap.
[    2.833184] systemd[1]: Created slice Root Slice.
[[32m  OK  [0m] Created slice Root Slice.
[    2.842138] systemd[1]: Listening on udev Control Socket.
[[32m  OK  [0m] Listening on udev Control Socket.
[[32m  OK  [0m] Started Dispatch Password Requests to Console Directory Watch.
[[32m  OK  [0m] Listening on Journal Socket.
[[32m  OK  [0m] Reached target Timers.
[[32m  OK  [0m] Reached target Paths.
[[32m  OK  [0m] Listening on udev Kernel Socket.
[[32m  OK  [0m] Reached target Sockets.
[[32m  OK  [0m] Reached target Local File Systems.
[[32m  OK  [0m] Created slice System Slice.
         Starting Create list of required st... nodes for the current kernel...
         Starting Journal Service...
         Starting Apply Kernel Variables...
[[32m  OK  [0m] Reached target Slices.
[[32m  OK  [0m] Started Journal Service.
[[32m  OK  [0m] Started Create list of required sta...ce nodes for the current kernel.
[[32m  OK  [0m] Started Apply Kernel Variables.
         Starting Create Static Device Nodes in /dev...
[[32m  OK  [0m] Started Create Static Device Nodes in /dev.
         Starting udev Kernel Device Manager...
[[32m  OK  [0m] Started udev Kernel Device Manager.
         Starting dracut pre-trigger hook...
[[32m  OK  [0m] Started dracut pre-trigger hook.
         Starting udev Coldplug all Devices...
[[32m  OK  [0m] Started udev Coldplug all Devices.
[[32m  OK  [0m] Reached target System Initialization.
[[32m  OK  [0m] Reached target Basic System.
         Starting dracut initqueue hook...
[[32m  OK  [0m] Found device /dev/disk/by-uuid/43213978-8f11-4c09-8bae-ac42538542f2.
         Starting File System Check on /dev/...8-8f11-4c09-8bae-ac42538542f2...
[[32m  OK  [0m] Started File System Check on /dev/d...978-8f11-4c09-8bae-ac42538542f2.
[    3.178454] SCSI subsystem initialized
[    3.192908] scsi host0: ata_piix
[    3.197087] scsi host1: ata_piix
[    3.201202] ata1: PATA max MWDMA2 cmd 0x1f0 ctl 0x3f6 bmdma 0xc100 irq 14
[    3.207889] ata2: PATA max MWDMA2 cmd 0x170 ctl 0x376 bmdma 0xc108 irq 15
[[32m  OK  [0m] Started dracut initqueue hook.
[[32m  OK  [0m] Reached target Remote File Systems (Pre).
[[32m  OK  [0m] Reached target Remote File Systems.
         Mounting /sysroot...
[    3.411410] XFS (xvda1): Mounting V5 Filesystem
[    3.554372] XFS (xvda1): Ending clean mount
[[32m  OK  [0m] Mounted /sysroot.
[[32m  OK  [0m] Reached target Initrd Root File System.
         Starting Reload Configuration from the Real Root...
[[32m  OK  [0m] Started Reload Configuration from the Real Root.
[[32m  OK  [0m] Reached target Initrd File Systems.
[[32m  OK  [0m] Reached target Initrd Default Target.
         Starting dracut pre-pivot and cleanup hook...
[[32m  OK  [0m] Started dracut pre-pivot and cleanup hook.
         Starting Cleaning Up and Shutting Down Daemons...
[[32m  OK  [0m] Started Cleaning Up and Shutting Down Daemons.
[[32m  OK  [0m] Stopped target Timers.
[[32m  OK  [0m] Stopped dracut pre-pivot and cleanup hook.
[[32m  OK  [0m] Stopped target Remote File Systems.
[[32m  OK  [0m] Stopped target Remote File Systems (Pre).
[[32m  OK  [0m] Stopped dracut initqueue hook.
[[32m  OK  [0m] Stopped target Initrd Default Target.
[[32m  OK  [0m] Stopped target Basic System.
[[32m  OK  [0m] Stopped target Sockets.
[[32m  OK  [0m] Stopped target System Initialization.
[[32m  OK  [0m] Stopped Apply Kernel Variables.
[[32m  OK  [0m] Stopped target Swap.
[[32m  OK  [0m] Stopped target Local File Systems.
[[32m  OK  [0m] Stopped udev Coldplug all Devices.
[[32m  OK  [0m] Stopped dracut pre-trigger hook.
         Stopping udev Kernel Device Manager...
[[32m  OK  [0m] Stopped target Paths.
[[32m  OK  [0m] Stopped Dispatch Password Requests to Console Directory Watch.
[[32m  OK  [0m] Stopped target Slices.
[[32m  OK  [0m] Stopped udev Kernel Device Manager.
[[32m  OK  [0m] Stopped Create Static Device Nodes in /dev.
[[32m  OK  [0m] Stopped Create list of required sta...ce nodes for the current kernel.
[[32m  OK  [0m] Closed udev Kernel Socket.
[[32m  OK  [0m] Closed udev Control Socket.
         Starting Cleanup udevd DB...
[[32m  OK  [0m] Started Cleanup udevd DB.
[[32m  OK  [0m] Reached target Switch Root.
         Starting Switch Root...
[    3.816831] systemd-journald[1029]: Received SIGTERM from PID 1 (systemd).
[    3.831129] printk: systemd: 13 output lines suppressed due to ratelimiting
[    3.868523] SELinux:  Runtime disable is deprecated, use selinux=0 on the kernel cmdline.
[    3.874599] SELinux:  Disabled at runtime.
[    3.883357] audit: type=1404 audit(1708442055.916:2): enforcing=0 old_enforcing=0 auid=4294967295 ses=4294967295 enabled=0 old-enabled=1 lsm=selinux res=1

Welcome to [0;33mAmazon Linux 2[0m!

[[32m  OK  [0m] Stopped Switch Root.
[[32m  OK  [0m] Stopped Journal Service.
         Starting Journal Service...
[[32m  OK  [0m] Listening on udev Control Socket.
         Starting Read and set NIS domainname from /etc/sysconfig/network...
[[32m  OK  [0m] Set up automount Arbitrary Executab...ats File System Automount Point.
         Mounting Huge Pages File System...
[[32m  OK  [0m] Listening on LVM2 metadata daemon socket.
         Mounting POSIX Message Queue File System...
         Starting Remount Root and Kernel File Systems...
[[32m  OK  [0m] Created slice system-serial\x2dgetty.slice.
[[32m  OK  [0m] Created slice system-selinux\x2dpol...grate\x2dlocal\x2dchanges.slice.
[    4.074933] xfs filesystem being remounted at / supports timestamps until 2038 (0x7fffffff)
         Starting Create list of required st... nodes for the current kernel...
[[32m  OK  [0m] Stopped target Switch Root.
[[32m  OK  [0m] Stopped target Initrd Root File System.
         Starting Setup Virtual Console...
[[32m  OK  [0m] Listening on Device-mapper event daemon FIFOs.
[[32m  OK  [0m] Stopped target Initrd File Systems.
[[32m  OK  [0m] Created slice User and Session Slice.
[[32m  OK  [0m] Reached target Slices.
         Starting Monitoring of LVM2 mirrors... dmeventd or progress polling...
[[32m  OK  [0m] Listening on /dev/initctl Compatibility Named Pipe.
[[32m  OK  [0m] Listening on Delayed Shutdown Socket.
[[32m  OK  [0m] Listening on LVM2 poll daemon socket.
[[32m  OK  [0m] Listening on udev Kernel Socket.
         Mounting Debug File System...
[[32m  OK  [0m] Started Forward Password Requests to Wall Directory Watch.
[[32m  OK  [0m] Created slice system-getty.slice.
[[32m  OK  [0m] Reached target Swap.
[[32m  OK  [0m] Mounted Debug File System.
[[32m  OK  [0m] Mounted POSIX Message Queue File System.
[[32m  OK  [0m] Mounted Huge Pages File System.
[[32m  OK  [0m] Started Journal Service.
[[32m  OK  [0m] Started Read and set NIS domainname from /etc/sysconfig/network.
[[32m  OK  [0m] Started Remount Root and Kernel File Systems.
[[32m  OK  [0m] Started Create list of required sta...ce nodes for the current kernel.
[[32m  OK  [0m] Started Setup Virtual Console.
[[32m  OK  [0m] Started LVM2 metadata daemon.
         Starting Create Static Device Nodes in /dev...
         Starting Load Kernel Modules...
         Starting Rebuild Hardware Database...
         Starting Configure read-only root support...
[    4.226512] pps_core: LinuxPPS API ver. 1 registered
[    4.231728] pps_core: Software ver. 5.3.6 - Copyright 2005-2007 Rodolfo Giometti <giometti@linux.it>
         Starting Flush Journal to Persistent Storage...
[[32m  OK  [0m] Started Create Static Device Nodes in /dev.
[[32m  OK  [0m] Started Configure read-only root support.
[    4.285213] PTP clock support registered
[    4.296687] systemd-journald[1781]: Received request to flush runtime journal from PID 1
         Starting Load/Save Random Seed...
         Starting udev Kernel Device Manager...
[[32m  OK  [0m] Started Load/Save Random Seed.
[[32m  OK  [0m] Started Load Kernel Modules.
         Starting Apply Kernel Variables...
[[32m  OK  [0m] Started udev Kernel Device Manager.
[[32m  OK  [0m] Started Apply Kernel Variables.
[[32m  OK  [0m] Started Flush Journal to Persistent Storage.
[[32m  OK  [0m] Started Rebuild Hardware Database.
         Starting udev Coldplug all Devices...
[[32m  OK  [0m] Started udev Coldplug all Devices.
         Starting Show Plymouth Boot Screen...
[    4.714351] input: Power Button as /devices/LNXSYSTM:00/LNXPWRBN:00/input/input3
         Starting udev Wait for Complete Device Initialization...
[[32m  OK  [0m] Started Show Plymouth Boot Screen.
[[32m  OK  [0m] Started Forward Password Requests to Plymouth Directory Watch.
[    4.791389] ACPI: Power Button [PWRF]
[    4.797906] input: Sleep Button as /devices/LNXSYSTM:00/LNXSLPBN:00/input/input4
[    4.845387] input: ImExPS/2 Generic Explorer Mouse as /devices/platform/i8042/serio1/input/input5
[[32m  OK  [0m] Found device /dev/ttyS0.
[    4.892180] ACPI: Sleep Button [SLPF]
[    4.898144] mousedev: PS/2 mouse device common for all mice
%G[    4.922822] cryptd: max_cpu_qlen set to 1000
[[32m  OK  [0m] Created slice system-ec2net\x2difup.slice.
[[32m  OK  [0m] Found device /sys/subsystem/net/devices/eth0.
[    4.950605] AVX2 version of gcm_enc/dec engaged.
[    4.955166] AES CTR mode by8 optimization enabled
[[32m  OK  [0m] Started udev Wait for Complete Device Initialization.
         Starting Activation of DM RAID sets...
[    5.026864] device-mapper: uevent: version 1.0.3
[[32m  OK  [0m] Started Monitoring of LVM2 mirrors,...ng dmeventd or progress polling.
[[32m  OK  [0m] Reached target Local File Systems (Pre).
[    5.050567] device-mapper: ioctl: 4.43.0-ioctl (2020-10-01) initialised: dm-devel@redhat.com
[[32m  OK  [0m] Started Activation of DM RAID sets.
[[32m  OK  [0m] Reached target Local Encrypted Volumes.
[[32m  OK  [0m] Reached target Local File Systems.
         Starting Mark the need to relabel after reboot...
         Starting Commit a transient machine-id on disk...
         Starting Tell Plymouth To Write Out Runtime Data...
         Starting Rebuild Journal Catalog...
         Starting Create Volatile Files and Directories...
         Starting Preprocess NFS configuration...
[[32m  OK  [0m] Started Commit a transient machine-id on disk.
[[32m  OK  [0m] Started Mark the need to relabel after reboot.
[[32m  OK  [0m] Started Preprocess NFS configuration.
[[32m  OK  [0m] Started Rebuild Journal Catalog.
[[32m  OK  [0m] Started Create Volatile Files and Directories.
         Mounting RPC Pipe File System...
         Starting Security Auditing Service...
         Starting Update is Completed...
[[32m  OK  [0m] Started Update is Completed.
[    5.217182] RPC: Registered named UNIX socket transport module.
[    5.225230] RPC: Registered udp transport module.
[    5.231831] RPC: Registered tcp transport module.
[    5.238427] RPC: Registered tcp NFSv4.1 backchannel transport module.
[[32m  OK  [0m] Mounted RPC Pipe File System.
[[32m  OK  [0m] Reached target rpc_pipefs.target.
[[32m  OK  [0m] Started Tell Plymouth To Write Out Runtime Data.
[[32m  OK  [0m] Started Security Auditing Service.
         Starting Update UTMP about System Boot/Shutdown...
[[32m  OK  [0m] Started Update UTMP about System Boot/Shutdown.
[[32m  OK  [0m] Reached target System Initialization.
[[32m  OK  [0m] Listening on D-Bus System Message Bus Socket.
[[32m  OK  [0m] Listening on RPCbind Server Activation Socket.
[[32m  OK  [0m] Reached target Sockets.
         Starting RPC bind service...
[[32m  OK  [0m] Started Flexible branding.
[[32m  OK  [0m] Reached target Paths.
[[32m  OK  [0m] Started Daily Cleanup of Temporary Directories.
[[32m  OK  [0m] Reached target Timers.
[[32m  OK  [0m] Reached target Basic System.
[[32m  OK  [0m] Started libstoragemgmt plug-in server daemon.
         Starting Initial cloud-init job (pre-networking)...
[[32m  OK  [0m] Started irqbalance daemon.
         Starting Login Service...
[[32m  OK  [0m] Started D-Bus System Message Bus.
         Starting ACPI Event Daemon...
         Starting Resets System Activity Logs...
         Starting Dump dmesg to /var/log/dmesg...
         Starting NTP client/server...
         Starting GSSAPI Proxy Daemon...
[    5.477072] xfs filesystem being remounted at /tmp supports timestamps until 2038 (0x7fffffff)
[    5.537403] xfs filesystem being remounted at /var/tmp supports timestamps until 2038 (0x7fffffff)
         Starting Hardware RNG Entropy Gatherer Wake threshold service...
[[32m  OK  [0m] Started RPC bind service.
[[32m  OK  [0m] Started ACPI Event Daemon.
[[32m  OK  [0m] Started Dump dmesg to /var/log/dmesg.
[[32m  OK  [0m] Started Hardware RNG Entropy Gatherer Wake threshold service.
[[32m  OK  [0m] Started Resets System Activity Logs.
[[32m  OK  [0m] Started Login Service.
[[32m  OK  [0m] Started Hardware RNG Entropy Gatherer Daemon.
[[32m  OK  [0m] Started GSSAPI Proxy Daemon.
[[32m  OK  [0m] Reached target NFS client services.
[[32m  OK  [0m] Reached target Remote File Systems (Pre).
[[32m  OK  [0m] Reached target Remote File Systems.
[[32m  OK  [0m] Started NTP client/server.
[    5.398523] cloud-init[2629]: Cloud-init v. 19.3-46.amzn2.0.1 running 'init-local' at Tue, 20 Feb 2024 15:14:18 +0000. Up 5.36 seconds.
[[32m  OK  [0m] Started Initial cloud-init job (pre-networking).
[[32m  OK  [0m] Reached target Network (Pre).
         Starting LSB: Bring up/down networking...
[[32m  OK  [0m] Started LSB: Bring up/down networking.
[[32m  OK  [0m] Reached target Network.
         Starting Postfix Mail Transport Agent...
         Starting Initial cloud-init job (metadata service crawler)...
[    6.506093] cloud-init[2984]: Cloud-init v. 19.3-46.amzn2.0.1 running 'init' at Tue, 20 Feb 2024 15:14:19 +0000. Up 6.44 seconds.
[    6.532092] cloud-init[2984]: ci-info: ++++++++++++++++++++++++++++++++++++++Net device info++++++++++++++++++++++++++++++++++++++
[    6.532316] cloud-init[2984]: ci-info: +--------+------+----------------------------+---------------+--------+-------------------+
[    6.532447] cloud-init[2984]: ci-info: | Device |  Up  |          Address           |      Mask     | Scope  |     Hw-Address    |
[    6.532561] cloud-init[2984]: ci-info: +--------+------+----------------------------+---------------+--------+-------------------+
[    6.532673] cloud-init[2984]: ci-info: |  eth0  | True |        172.31.0.96         | 255.255.240.0 | global | 02:46:80:d9:b9:b5 |
[    6.532794] cloud-init[2984]: ci-info: |  eth0  | True | fe80::46:80ff:fed9:b9b5/64 |       .       |  link  | 02:46:80:d9:b9:b5 |
[    6.532906] cloud-init[2984]: ci-info: |   lo   | True |         127.0.0.1          |   255.0.0.0   |  host  |         .         |
[    6.533014] cloud-init[2984]: ci-info: |   lo   | True |          ::1/128           |       .       |  host  |         .         |
[    6.533136] cloud-init[2984]: ci-info: +--------+------+----------------------------+---------------+--------+-------------------+
[    6.533255] cloud-init[2984]: ci-info: +++++++++++++++++++++++++++++++Route IPv4 info++++++++++++++++++++++++++++++++
[    6.533362] cloud-init[2984]: ci-info: +-------+-----------------+------------+-----------------+-----------+-------+
[    6.533471] cloud-init[2984]: ci-info: | Route |   Destination   |  Gateway   |     Genmask     | Interface | Flags |
[    6.533593] cloud-init[2984]: ci-info: +-------+-----------------+------------+-----------------+-----------+-------+
[    6.533707] cloud-init[2984]: ci-info: |   0   |     0.0.0.0     | 172.31.0.1 |     0.0.0.0     |    eth0   |   UG  |
[    6.533819] cloud-init[2984]: ci-info: |   1   | 169.254.169.254 |  0.0.0.0   | 255.255.255.255 |    eth0   |   UH  |
[    6.533930] cloud-init[2984]: ci-info: |   2   |    172.31.0.0   |  0.0.0.0   |  255.255.240.0  |    eth0   |   U   |
[    6.534069] cloud-init[2984]: ci-info: +-------+-----------------+------------+-----------------+-----------+-------+
[    6.534176] cloud-init[2984]: ci-info: +++++++++++++++++++Route IPv6 info+++++++++++++++++++
[    6.534311] cloud-init[2984]: ci-info: +-------+-------------+---------+-----------+-------+
[    6.534444] cloud-init[2984]: ci-info: | Route | Destination | Gateway | Interface | Flags |
[    6.534565] cloud-init[2984]: ci-info: +-------+-------------+---------+-----------+-------+
[    6.534662] cloud-init[2984]: ci-info: |   9   |  fe80::/64  |    ::   |    eth0   |   U   |
[    6.534763] cloud-init[2984]: ci-info: |   11  |    local    |    ::   |    eth0   |   U   |
[    6.534873] cloud-init[2984]: ci-info: |   12  |  multicast  |    ::   |    eth0   |   U   |
[    6.534971] cloud-init[2984]: ci-info: +-------+-------------+---------+-----------+-------+
[[32m  OK  [0m] Started Postfix Mail Transport Agent.
         Starting Hostname Service...
[    8.025976] xfs filesystem being remounted at /tmp supports timestamps until 2038 (0x7fffffff)
[    8.045910] xfs filesystem being remounted at /var/tmp supports timestamps until 2038 (0x7fffffff)
[[32m  OK  [0m] Started Hostname Service.
[[32m  OK  [0m] Started Initial cloud-init job (metadata service crawler).
         Starting OpenSSH Server Key Generation...
[[32m  OK  [0m] Reached target Cloud-config availability.
         Starting Permit User Sessions...
[[32m  OK  [0m] Reached target Network is Online.
         Starting Apply the settings specified in cloud-config...
         Starting Notify NFS peers of a restart...
[[32m  OK  [0m] Started amazon-ssm-agent.
         Starting System Logging Service...
         Starting Finds and configures elastic network interfaces...
         Starting Dynamically Generate Message Of The Day...
[[32m  OK  [0m] Started Permit User Sessions.
[[32m  OK  [0m] Started Notify NFS peers of a restart.
         Starting Wait for Plymouth Boot Screen to Quit...
[[32m  OK  [0m] Started Command Scheduler.
[[32m  OK  [0m] Started Job spooling tools.
         Starting Terminate Plymouth Boot Screen...
[[32m  OK  [0m] Started System Logging Service.
[[32m  OK  [0m] Started Finds and configures elastic network interfaces.
[    8.757378] cloud-init[3137]: Cloud-init v. 19.3-46.amzn2.0.1 running 'modules:config' at Tue, 20 Feb 2024 15:14:21 +0000. Up 8.63 seconds.
2024/02/20 15:14:22Z: Amazon SSM Agent v3.2.1705.0 is running
2024/02/20 15:14:22Z: OsProductName: Amazon Linux
2024/02/20 15:14:22Z: OsVersion: 2
[    9.939032] cloud-init[3137]: Loaded plugins: extras_suggestions, langpacks, priorities, update-motd

Amazon Linux 2
Kernel 5.10.205-195.807.amzn2.x86_64 on an x86_64

ip-172-31-0-96 login: [   17.587035] cloud-init[3137]: --> python-jinja2-2.7.2-3.amzn2.noarch from installed removed (updateinfo)
[   17.598895] cloud-init[3137]: --> ec2-hibinit-agent-1.0.2-7.amzn2.noarch from installed removed (updateinfo)
[   17.606616] cloud-init[3137]: --> aws-cfn-bootstrap-2.0-20.amzn2.noarch from installed removed (updateinfo)
[   17.617301] cloud-init[3137]: --> pcre2-10.23-11.amzn2.0.2.x86_64 from amzn2-core removed (updateinfo)
[   17.624809] cloud-init[3137]: --> ec2-hibinit-agent-1.0.8-0.amzn2.noarch from amzn2-core removed (updateinfo)
[   17.632922] cloud-init[3137]: --> nss-softokn-3.90.0-6.amzn2.0.2.x86_64 from amzn2-core removed (updateinfo)
[   17.639995] cloud-init[3137]: --> systemd-sysv-219-78.amzn2.0.23.x86_64 from amzn2-core removed (updateinfo)
[   17.650214] cloud-init[3137]: --> systemd-219-78.amzn2.0.23.x86_64 from amzn2-core removed (updateinfo)
[   17.660278] cloud-init[3137]: --> ca-certificates-2023.2.64-1.amzn2.0.1.noarch from amzn2-core removed (updateinfo)
[   17.674143] cloud-init[3137]: --> 2:microcode_ctl-2.1-47.amzn2.4.17.x86_64 from amzn2-core removed (updateinfo)
[   17.684540] cloud-init[3137]: --> ca-certificates-2023.2.62-1.amzn2.0.1.noarch from installed removed (updateinfo)
[   17.700361] cloud-init[3137]: --> pcre2-10.23-11.amzn2.0.1.x86_64 from installed removed (updateinfo)
[   17.716281] cloud-init[3137]: --> nss-softokn-freebl-3.90.0-6.amzn2.0.2.x86_64 from amzn2-core removed (updateinfo)
[   17.728529] cloud-init[3137]: --> systemd-libs-219-78.amzn2.0.22.x86_64 from installed removed (updateinfo)
[   17.743076] cloud-init[3137]: --> systemd-libs-219-78.amzn2.0.23.x86_64 from amzn2-core removed (updateinfo)
[   17.749326] cloud-init[3137]: --> tzdata-2024a-1.amzn2.0.1.noarch from amzn2-core removed (updateinfo)
[   17.755058] cloud-init[3137]: --> pam-1.1.8-23.amzn2.0.1.x86_64 from installed removed (updateinfo)
[   17.761759] cloud-init[3137]: --> aws-cfn-bootstrap-2.0-29.amzn2.noarch from amzn2-core removed (updateinfo)
[   17.771393] cloud-init[3137]: --> tzdata-2023d-1.amzn2.0.1.noarch from installed removed (updateinfo)
[   17.784032] cloud-init[3137]: --> nss-softokn-3.90.0-6.amzn2.0.1.x86_64 from installed removed (updateinfo)
[   17.796351] cloud-init[3137]: --> systemd-sysv-219-78.amzn2.0.22.x86_64 from installed removed (updateinfo)
[   17.808391] cloud-init[3137]: --> pam-1.1.8-23.amzn2.0.2.x86_64 from amzn2-core removed (updateinfo)
[   17.820319] cloud-init[3137]: --> nss-softokn-freebl-3.90.0-6.amzn2.0.1.x86_64 from installed removed (updateinfo)
[   17.830937] cloud-init[3137]: --> python-jinja2-2.7.2-3.amzn2.0.1.noarch from amzn2-core removed (updateinfo)
[   17.844308] cloud-init[3137]: --> 2:microcode_ctl-2.1-47.amzn2.4.15.x86_64 from installed removed (updateinfo)
[   17.860323] cloud-init[3137]: --> systemd-219-78.amzn2.0.22.x86_64 from installed removed (updateinfo)
[   17.872298] cloud-init[3137]: 7 package(s) needed (+0 related) for security, out of 20 available
[   17.880809] cloud-init[3137]: Resolving Dependencies
[   17.885059] cloud-init[3137]: --> Running transaction check
[   17.889714] cloud-init[3137]: ---> Package amazon-ssm-agent.x86_64 0:3.2.1705.0-1.amzn2 will be updated
[   17.898586] cloud-init[3137]: ---> Package amazon-ssm-agent.x86_64 0:3.2.2222.0-1.amzn2 will be an update
[   17.908394] cloud-init[3137]: ---> Package kernel-tools.x86_64 0:5.10.205-195.807.amzn2 will be updated
[   17.915644] cloud-init[3137]: ---> Package kernel-tools.x86_64 0:5.10.209-198.812.amzn2 will be an update
[   17.922706] cloud-init[3137]: ---> Package nss.x86_64 0:3.90.0-2.amzn2.0.1 will be updated
[   17.930459] cloud-init[3137]: ---> Package nss.x86_64 0:3.90.0-2.amzn2.0.2 will be an update
[   17.940115] cloud-init[3137]: ---> Package nss-sysinit.x86_64 0:3.90.0-2.amzn2.0.1 will be updated
[   17.947121] cloud-init[3137]: ---> Package nss-sysinit.x86_64 0:3.90.0-2.amzn2.0.2 will be an update
[   17.956265] cloud-init[3137]: ---> Package nss-tools.x86_64 0:3.90.0-2.amzn2.0.1 will be updated
[   17.972285] cloud-init[3137]: ---> Package nss-tools.x86_64 0:3.90.0-2.amzn2.0.2 will be an update
[   17.988347] cloud-init[3137]: ---> Package python-pillow.x86_64 0:2.0.0-23.gitd1c6db8.amzn2.0.9 will be updated
[   18.003653] cloud-init[3137]: ---> Package python-pillow.x86_64 0:2.0.0-23.gitd1c6db8.amzn2.0.11 will be an update
[   18.020363] cloud-init[3137]: ---> Package sudo.x86_64 0:1.8.23-10.amzn2.3.5 will be updated
[   18.036288] cloud-init[3137]: ---> Package sudo.x86_64 0:1.8.23-10.amzn2.3.6 will be an update
[   18.293259] cloud-init[3137]: --> Finished Dependency Resolution
[   18.317520] cloud-init[3137]: Dependencies Resolved
[   18.322485] cloud-init[3137]: ================================================================================
[   18.329751] cloud-init[3137]: Package          Arch   Version                   Repository              Size
[   18.335761] cloud-init[3137]: ================================================================================
[   18.341746] cloud-init[3137]: Updating:
[   18.344605] cloud-init[3137]: amazon-ssm-agent x86_64 3.2.2222.0-1.amzn2        amzn2-core              25 M
[   18.351451] cloud-init[3137]: kernel-tools     x86_64 5.10.209-198.812.amzn2    amzn2extra-kernel-5.10 210 k
[   18.358765] cloud-init[3137]: nss              x86_64 3.90.0-2.amzn2.0.2        amzn2-core             897 k
[   18.365896] cloud-init[3137]: nss-sysinit      x86_64 3.90.0-2.amzn2.0.2        amzn2-core              67 k
[   18.373085] cloud-init[3137]: nss-tools        x86_64 3.90.0-2.amzn2.0.2        amzn2-core             551 k
[   18.380397] cloud-init[3137]: python-pillow    x86_64 2.0.0-23.gitd1c6db8.amzn2.0.11
[   18.386561] cloud-init[3137]: amzn2-core             444 k
[   18.390720] cloud-init[3137]: sudo             x86_64 1.8.23-10.amzn2.3.6       amzn2-core             847 k
[   18.398059] cloud-init[3137]: Transaction Summary
[   18.401743] cloud-init[3137]: ================================================================================
[   18.409042] cloud-init[3137]: Upgrade  7 Packages
[   18.412923] cloud-init[3137]: Total download size: 28 M
[   18.417090] cloud-init[3137]: Downloading packages:
[   18.488463] cloud-init[3137]: Delta RPMs disabled because /usr/bin/applydeltarpm not installed.
[   18.993480] cloud-init[3137]: --------------------------------------------------------------------------------
[   19.011107] cloud-init[3137]: Total                                               54 MB/s |  28 MB  00:00
[   19.028844] cloud-init[3137]: Running transaction check
[   19.070221] cloud-init[3137]: Running transaction test
[   19.230111] cloud-init[3137]: Transaction test succeeded
[   19.240056] cloud-init[3137]: Running transaction
[   19.860279] cloud-init[3137]: Updating   : nss-3.90.0-2.amzn2.0.2.x86_64                               1/14
[   19.964473] cloud-init[3137]: Updating   : nss-sysinit-3.90.0-2.amzn2.0.2.x86_64                       2/14
[   20.105779] cloud-init[3137]: Updating   : nss-tools-3.90.0-2.amzn2.0.2.x86_64                         3/14
[   23.611647] cloud-init[3137]: Updating   : python-pillow-2.0.0-23.gitd1c6db8.amzn2.0.11.x86_64         4/14
[   23.659696] cloud-init[3137]: Updating   : amazon-ssm-agent-3.2.2222.0-1.amzn2.x86_64                  5/14
[   23.827259] cloud-init[3137]: Updating   : kernel-tools-5.10.209-198.812.amzn2.x86_64                  6/14
[   23.860339] cloud-init[3137]: Updating   : sudo-1.8.23-10.amzn2.3.6.x86_64                             7/14
[   23.885181] cloud-init[3137]: Cleanup    : nss-tools-3.90.0-2.amzn2.0.1.x86_64                         8/14
[   23.915859] cloud-init[3137]: Cleanup    : python-pillow-2.0.0-23.gitd1c6db8.amzn2.0.9.x86_64          9/14
[   31.142747] cloud-init[3137]: Cleanup    : amazon-ssm-agent-3.2.1705.0-1.amzn2.x86_64                 10/14
[   31.168500] cloud-init[3137]: Cleanup    : nss-sysinit-3.90.0-2.amzn2.0.1.x86_64                      11/14
[   31.218302] cloud-init[3137]: Cleanup    : nss-3.90.0-2.amzn2.0.1.x86_64                              12/14
[   31.264163] cloud-init[3137]: Cleanup    : kernel-tools-5.10.205-195.807.amzn2.x86_64                 13/14
[   31.309597] cloud-init[3137]: Cleanup    : sudo-1.8.23-10.amzn2.3.5.x86_64                            14/14
[   31.337568] cloud-init[3137]: Verifying  : nss-tools-3.90.0-2.amzn2.0.2.x86_64                         1/14
[   31.351491] cloud-init[3137]: Verifying  : sudo-1.8.23-10.amzn2.3.6.x86_64                             2/14
[   31.366298] cloud-init[3137]: Verifying  : kernel-tools-5.10.209-198.812.amzn2.x86_64                  3/14
[   31.383418] cloud-init[3137]: Verifying  : nss-sysinit-3.90.0-2.amzn2.0.2.x86_64                       4/14
[   31.396092] cloud-init[3137]: Verifying  : amazon-ssm-agent-3.2.2222.0-1.amzn2.x86_64                  5/14
[   31.411354] cloud-init[3137]: Verifying  : nss-3.90.0-2.amzn2.0.2.x86_64                               6/14
[   31.425649] cloud-init[3137]: Verifying  : python-pillow-2.0.0-23.gitd1c6db8.amzn2.0.11.x86_64         7/14
[   31.434583] cloud-init[3137]: Verifying  : nss-sysinit-3.90.0-2.amzn2.0.1.x86_64                       8/14
[   31.442005] cloud-init[3137]: Verifying  : amazon-ssm-agent-3.2.1705.0-1.amzn2.x86_64                  9/14
[   31.451708] cloud-init[3137]: Verifying  : python-pillow-2.0.0-23.gitd1c6db8.amzn2.0.9.x86_64         10/14
[   31.462345] cloud-init[3137]: Verifying  : kernel-tools-5.10.205-195.807.amzn2.x86_64                 11/14
[   31.469124] cloud-init[3137]: Verifying  : nss-tools-3.90.0-2.amzn2.0.1.x86_64                        12/14
[   31.477672] cloud-init[3137]: Verifying  : sudo-1.8.23-10.amzn2.3.5.x86_64                            13/14
[   31.627309] cloud-init[3137]: Verifying  : nss-3.90.0-2.amzn2.0.1.x86_64                              14/14
[   31.644057] cloud-init[3137]: Updated:
[   31.652051] cloud-init[3137]: amazon-ssm-agent.x86_64 0:3.2.2222.0-1.amzn2
[   31.664048] cloud-init[3137]: kernel-tools.x86_64 0:5.10.209-198.812.amzn2
[   31.672042] cloud-init[3137]: nss.x86_64 0:3.90.0-2.amzn2.0.2
[   31.684033] cloud-init[3137]: nss-sysinit.x86_64 0:3.90.0-2.amzn2.0.2
[   31.700336] cloud-init[3137]: nss-tools.x86_64 0:3.90.0-2.amzn2.0.2
[   31.716429] cloud-init[3137]: python-pillow.x86_64 0:2.0.0-23.gitd1c6db8.amzn2.0.11
[   31.731922] cloud-init[3137]: sudo.x86_64 0:1.8.23-10.amzn2.3.6
[   31.748446] cloud-init[3137]: Complete!
2024/02/20 15:14:45Z: Amazon SSM Agent v3.2.2222.0 is running
2024/02/20 15:14:45Z: OsProductName: Amazon Linux
2024/02/20 15:14:45Z: OsVersion: 2
[   32.876150] cloud-init[3332]: Cloud-init v. 19.3-46.amzn2.0.1 running 'modules:final' at Tue, 20 Feb 2024 15:14:45 +0000. Up 32.74 seconds.
ci-info: no authorized ssh keys fingerprints found for user ec2-user.
[   32.902084] cloud-init[3332]: ci-info: no authorized ssh keys fingerprints found for user ec2-user.
<14>Feb 20 15:14:45 ec2: 
<14>Feb 20 15:14:45 ec2: #############################################################
<14>Feb 20 15:14:45 ec2: -----BEGIN SSH HOST KEY FINGERPRINTS-----
<14>Feb 20 15:14:45 ec2: 256 SHA256:+V/gvlGTmBa+GJ8rQDFz2OOMpVcLv8RGjCZnx+TdLdg no comment (ECDSA)
<14>Feb 20 15:14:45 ec2: 256 SHA256:cGb0HIYQulnBU4iFbe/Ebl2V8DSxP61mjc/8v4JzK5c no comment (ED25519)
<14>Feb 20 15:14:45 ec2: 2048 SHA256:NJCXrcKuo98zHkiFsbLLTcCOUsRy32Om2rF1XSMOSfg no comment (RSA)
<14>Feb 20 15:14:45 ec2: -----END SSH HOST KEY FINGERPRINTS-----
<14>Feb 20 15:14:45 ec2: #############################################################
-----BEGIN SSH HOST KEY KEYS-----
ecdsa-sha2-nistp256 AAAAE2VjZHNhLXNoYTItbmlzdHAyNTYAAAAIbmlzdHAyNTYAAABBBHZZXL9aZhESdjnwlf8V6u1NDoRope++HefOyZ8WaWrOANZ+KUIG2SbTO/dSOVZAcgVSHgloGSX0wlohMMzpl4I= 
ssh-ed25519 AAAAC3NzaC1lZDI1NTE5AAAAIMm48h9BjmgtpTDSh8XaS/Mo+uCQv78Vm9NTVCDRZ7rW 
ssh-rsa AAAAB3NzaC1yc2EAAAADAQABAAABAQDU7HPwoNXKO7JMRdUdJOiZh+kDy/Jo5+X5PQ3X8lxo9DNeohIWNHjQBYWHDXYlr9/D46yMnK+FKyG9Ru/BKM68iRejDDFlqT46gxv482rSKNcJIScEdH1962BhwHLoRMOMIwZ/hKkV6LUXQBB59B8Udv6V06cNmm8bEQO1q9PIUfRrtyLMF2U6EOCHY5GE5Osontqbbl4roLUIyaglYDK3uU++3jqdJszTp7wxx/eeHHiSaASROe+PeD74rrZrYznquoH6+3w4Xwm38ODrZxAcHUIFTga3WA09ybAvvwfz86GNw+vV79EEcCvbdZbZUWvlZdSWCcxhrf1DyPFAU/7t 
-----END SSH HOST KEY KEYS-----
[   33.140297] cloud-init[3332]: Cloud-init v. 19.3-46.amzn2.0.1 finished at Tue, 20 Feb 2024 15:14:45 +0000. Datasource DataSourceEc2.  Up 33.13 seconds
